Component: ARM Compiler 5.06 update 4 (build 422) Tool: armlink [4d35d2]

==============================================================================

Section Cross References

    startup_stm32f10x_hd.o(RESET) refers to startup_stm32f10x_hd.o(.text) for Reset_Handler
    startup_stm32f10x_hd.o(RESET) refers to stm32f10x_it.o(.text) for NMI_Handler
    startup_stm32f10x_hd.o(RESET) refers to os_cpu_a.o(.text) for OS_CPU_PendSVHandler
    startup_stm32f10x_hd.o(.text) refers to startup_stm32f10x_hd.o(STACK) for __initial_sp
    startup_stm32f10x_hd.o(.text) refers to entry.o(.ARM.Collect$$$$00000000) for __main
    main.o(.text) refers to bsp.o(.text) for BSP_Init
    main.o(.text) refers to os_core.o(.text) for OSInit
    main.o(.text) refers to os_task.o(.text) for OSTaskCreate
    main.o(.text) refers to main.o(.bss) for .bss
    main.o(.text) refers to app.o(.text) for Task_Start
    stm32f10x_it.o(.text) refers to os_core.o(.text) for OSIntEnter
    stm32f10x_gpio.o(.text) refers to stm32f10x_rcc.o(.text) for RCC_APB2PeriphResetCmd
    stm32f10x_rcc.o(.text) refers to stm32f10x_rcc.o(.data) for .data
    bsp.o(.text) refers to system_stm32f10x.o(.text) for SystemInit
    bsp.o(.text) refers to led.o(.text) for LED_GPIO_Config
    bsp.o(.text) refers to system_stm32f10x.o(.constdata) for SystemFrequency
    led.o(.text) refers to stm32f10x_rcc.o(.text) for RCC_APB2PeriphClockCmd
    led.o(.text) refers to stm32f10x_gpio.o(.text) for GPIO_Init
    app.o(.text) refers to bsp.o(.text) for SysTick_init
    app.o(.text) refers to os_time.o(.text) for OSTimeDlyHMSM
    app.o(.text) refers to os_task.o(.text) for OSTaskCreate
    app.o(.text) refers to stm32f10x_gpio.o(.text) for GPIO_ResetBits
    app.o(.text) refers to app.o(.bss) for .bss
    os_core.o(.text) refers to os_cpu_a.o(.text) for OS_CPU_SR_Save
    os_core.o(.text) refers to os_task.o(.text) for OSTaskStkChk
    os_core.o(.text) refers to os_time.o(.text) for OSTimeDly
    os_core.o(.text) refers to os_cpu_c.o(.text) for OSTaskStatHook
    os_core.o(.text) refers to os_core.o(.data) for .data
    os_core.o(.text) refers to os_core.o(.bss) for .bss
    os_core.o(.text) refers to os_core.o(.constdata) for .constdata
    os_sem.o(.text) refers to os_cpu_a.o(.text) for OS_CPU_SR_Save
    os_sem.o(.text) refers to os_core.o(.text) for OS_EventWaitListInit
    os_sem.o(.text) refers to os_core.o(.data) for OSIntNesting
    os_task.o(.text) refers to os_cpu_a.o(.text) for OS_CPU_SR_Save
    os_task.o(.text) refers to os_core.o(.text) for OS_Sched
    os_task.o(.text) refers to os_cpu_c.o(.text) for OSTaskStkInit
    os_task.o(.text) refers to os_core.o(.bss) for OSTCBPrioTbl
    os_task.o(.text) refers to os_core.o(.data) for OSTCBCur
    os_time.o(.text) refers to os_cpu_a.o(.text) for OS_CPU_SR_Save
    os_time.o(.text) refers to os_core.o(.text) for OS_Sched
    os_time.o(.text) refers to os_core.o(.data) for OSIntNesting
    os_time.o(.text) refers to os_core.o(.bss) for OSTCBPrioTbl
    os_cpu_a.o(.text) refers to os_core.o(.data) for OSRunning
    os_cpu_a.o(.text) refers to os_cpu_c.o(.text) for OSTaskSwHook
    entry.o(.ARM.Collect$$$$00000000) refers (Special) to entry10a.o(.ARM.Collect$$$$0000000D) for __rt_final_cpp
    entry.o(.ARM.Collect$$$$00000000) refers (Special) to entry11a.o(.ARM.Collect$$$$0000000F) for __rt_final_exit
    entry.o(.ARM.Collect$$$$00000000) refers (Special) to entry7b.o(.ARM.Collect$$$$00000008) for _main_clock
    entry.o(.ARM.Collect$$$$00000000) refers (Special) to entry8b.o(.ARM.Collect$$$$0000000A) for _main_cpp_init
    entry.o(.ARM.Collect$$$$00000000) refers (Special) to entry9a.o(.ARM.Collect$$$$0000000B) for _main_init
    entry.o(.ARM.Collect$$$$00000000) refers (Special) to entry5.o(.ARM.Collect$$$$00000004) for _main_scatterload
    entry.o(.ARM.Collect$$$$00000000) refers (Special) to entry2.o(.ARM.Collect$$$$00000001) for _main_stk
    entry2.o(.ARM.Collect$$$$00000001) refers to entry2.o(.ARM.Collect$$$$00002712) for __lit__00000000
    entry2.o(.ARM.Collect$$$$00002712) refers to startup_stm32f10x_hd.o(STACK) for __initial_sp
    entry2.o(__vectab_stack_and_reset_area) refers to startup_stm32f10x_hd.o(STACK) for __initial_sp
    entry2.o(__vectab_stack_and_reset_area) refers to entry.o(.ARM.Collect$$$$00000000) for __main
    entry5.o(.ARM.Collect$$$$00000004) refers to init.o(.text) for __scatterload
    entry9a.o(.ARM.Collect$$$$0000000B) refers to main.o(.text) for main
    entry9b.o(.ARM.Collect$$$$0000000C) refers to main.o(.text) for main
    init.o(.text) refers to entry5.o(.ARM.Collect$$$$00000004) for __main_after_scatterload


==============================================================================

Removing Unused input sections from the image.

    Removing startup_stm32f10x_hd.o(HEAP), (0 bytes).
    Removing core_cm3.o(.emb_text), (32 bytes).
    Removing system_stm32f10x.o(.constdata), (4 bytes).
    Removing system_stm32f10x.o(.constdata), (4 bytes).
    Removing system_stm32f10x.o(.constdata), (4 bytes).
    Removing system_stm32f10x.o(.constdata), (4 bytes).
    Removing os_sem.o(.text), (844 bytes).
    Removing os_dbg.o(.constdata), (2 bytes).

8 unused section(s) (total 894 bytes) removed from the image.

==============================================================================

Image Symbol Table

    Local Symbols

    Symbol Name                              Value     Ov Type        Size  Object(Section)

    ../clib/microlib/init/entry.s            0x00000000   Number         0  entry10a.o ABSOLUTE
    ../clib/microlib/init/entry.s            0x00000000   Number         0  entry9a.o ABSOLUTE
    ../clib/microlib/init/entry.s            0x00000000   Number         0  entry8b.o ABSOLUTE
    ../clib/microlib/init/entry.s            0x00000000   Number         0  entry8a.o ABSOLUTE
    ../clib/microlib/init/entry.s            0x00000000   Number         0  entry.o ABSOLUTE
    ../clib/microlib/init/entry.s            0x00000000   Number         0  entry7b.o ABSOLUTE
    ../clib/microlib/init/entry.s            0x00000000   Number         0  entry7a.o ABSOLUTE
    ../clib/microlib/init/entry.s            0x00000000   Number         0  entry5.o ABSOLUTE
    ../clib/microlib/init/entry.s            0x00000000   Number         0  entry2.o ABSOLUTE
    ../clib/microlib/init/entry.s            0x00000000   Number         0  entry9b.o ABSOLUTE
    ../clib/microlib/init/entry.s            0x00000000   Number         0  entry10b.o ABSOLUTE
    ../clib/microlib/init/entry.s            0x00000000   Number         0  entry11a.o ABSOLUTE
    ../clib/microlib/init/entry.s            0x00000000   Number         0  entry11b.o ABSOLUTE
    ..\APP\app.c                             0x00000000   Number         0  app.o ABSOLUTE
    ..\BSP\BSP.c                             0x00000000   Number         0  bsp.o ABSOLUTE
    ..\BSP\led.c                             0x00000000   Number         0  led.o ABSOLUTE
    ..\CMSIS\core_cm3.c                      0x00000000   Number         0  core_cm3.o ABSOLUTE
    ..\CMSIS\startup\startup_stm32f10x_hd.s  0x00000000   Number         0  startup_stm32f10x_hd.o ABSOLUTE
    ..\CMSIS\system_stm32f10x.c              0x00000000   Number         0  system_stm32f10x.o ABSOLUTE
    ..\FWlib\src\stm32f10x_gpio.c            0x00000000   Number         0  stm32f10x_gpio.o ABSOLUTE
    ..\FWlib\src\stm32f10x_rcc.c             0x00000000   Number         0  stm32f10x_rcc.o ABSOLUTE
    ..\\CMSIS\\core_cm3.c                    0x00000000   Number         0  core_cm3.o ABSOLUTE
    ..\uCOS-II\Ports\os_cpu_a.asm            0x00000000   Number         0  os_cpu_a.o ABSOLUTE
    ..\uCOS-II\Ports\os_cpu_c.c              0x00000000   Number         0  os_cpu_c.o ABSOLUTE
    ..\uCOS-II\Ports\os_dbg.c                0x00000000   Number         0  os_dbg.o ABSOLUTE
    ..\uCOS-II\Source\os_core.c              0x00000000   Number         0  os_core.o ABSOLUTE
    ..\uCOS-II\Source\os_flag.c              0x00000000   Number         0  os_flag.o ABSOLUTE
    ..\uCOS-II\Source\os_mbox.c              0x00000000   Number         0  os_mbox.o ABSOLUTE
    ..\uCOS-II\Source\os_mem.c               0x00000000   Number         0  os_mem.o ABSOLUTE
    ..\uCOS-II\Source\os_mutex.c             0x00000000   Number         0  os_mutex.o ABSOLUTE
    ..\uCOS-II\Source\os_q.c                 0x00000000   Number         0  os_q.o ABSOLUTE
    ..\uCOS-II\Source\os_sem.c               0x00000000   Number         0  os_sem.o ABSOLUTE
    ..\uCOS-II\Source\os_task.c              0x00000000   Number         0  os_task.o ABSOLUTE
    ..\uCOS-II\Source\os_time.c              0x00000000   Number         0  os_time.o ABSOLUTE
    ..\uCOS-II\Source\os_tmr.c               0x00000000   Number         0  os_tmr.o ABSOLUTE
    dc.s                                     0x00000000   Number         0  dc.o ABSOLUTE
    handlers.s                               0x00000000   Number         0  handlers.o ABSOLUTE
    init.s                                   0x00000000   Number         0  init.o ABSOLUTE
    main.c                                   0x00000000   Number         0  main.o ABSOLUTE
    stm32f10x_it.c                           0x00000000   Number         0  stm32f10x_it.o ABSOLUTE
    RESET                                    0x08000000   Section      304  startup_stm32f10x_hd.o(RESET)
    .ARM.Collect$$$$00000000                 0x08000130   Section        0  entry.o(.ARM.Collect$$$$00000000)
    .ARM.Collect$$$$00000001                 0x08000130   Section        4  entry2.o(.ARM.Collect$$$$00000001)
    .ARM.Collect$$$$00000004                 0x08000134   Section        4  entry5.o(.ARM.Collect$$$$00000004)
    .ARM.Collect$$$$00000008                 0x08000138   Section        0  entry7b.o(.ARM.Collect$$$$00000008)
    .ARM.Collect$$$$0000000A                 0x08000138   Section        0  entry8b.o(.ARM.Collect$$$$0000000A)
    .ARM.Collect$$$$0000000B                 0x08000138   Section        8  entry9a.o(.ARM.Collect$$$$0000000B)
    .ARM.Collect$$$$0000000D                 0x08000140   Section        0  entry10a.o(.ARM.Collect$$$$0000000D)
    .ARM.Collect$$$$0000000F                 0x08000140   Section        0  entry11a.o(.ARM.Collect$$$$0000000F)
    .ARM.Collect$$$$00002712                 0x08000140   Section        4  entry2.o(.ARM.Collect$$$$00002712)
    __lit__00000000                          0x08000140   Data           4  entry2.o(.ARM.Collect$$$$00002712)
    .text                                    0x08000144   Section       48  startup_stm32f10x_hd.o(.text)
    .text                                    0x08000174   Section        0  main.o(.text)
    .text                                    0x0800019c   Section        0  stm32f10x_it.o(.text)
    .text                                    0x080001c0   Section        0  stm32f10x_gpio.o(.text)
    .text                                    0x080003f8   Section        0  stm32f10x_rcc.o(.text)
    .text                                    0x080006ac   Section        0  system_stm32f10x.o(.text)
    SetSysClockTo72                          0x080006ad   Thumb Code   160  system_stm32f10x.o(.text)
    .text                                    0x0800078c   Section        0  bsp.o(.text)
    .text                                    0x080007d4   Section        0  led.o(.text)
    .text                                    0x0800080c   Section        0  app.o(.text)
    .text                                    0x08000878   Section        0  os_core.o(.text)
    OS_SchedNew                              0x08000f1b   Thumb Code    24  os_core.o(.text)
    .text                                    0x08000f40   Section        0  os_task.o(.text)
    .text                                    0x0800160c   Section        0  os_time.o(.text)
    .text                                    0x0800179c   Section      164  os_cpu_a.o(.text)
    .text                                    0x08001840   Section        0  os_cpu_c.o(.text)
    .text                                    0x080018c4   Section       36  init.o(.text)
    i.__scatterload_copy                     0x080018e8   Section       14  handlers.o(i.__scatterload_copy)
    i.__scatterload_null                     0x080018f6   Section        2  handlers.o(i.__scatterload_null)
    i.__scatterload_zeroinit                 0x080018f8   Section       14  handlers.o(i.__scatterload_zeroinit)
    .constdata                               0x08001908   Section        4  system_stm32f10x.o(.constdata)
    .constdata                               0x0800190c   Section      256  os_core.o(.constdata)
    .data                                    0x20000000   Section       20  stm32f10x_rcc.o(.data)
    ADCPrescTable                            0x20000000   Data           4  stm32f10x_rcc.o(.data)
    APBAHBPrescTable                         0x20000004   Data          16  stm32f10x_rcc.o(.data)
    .data                                    0x20000014   Section       56  os_core.o(.data)
    .bss                                     0x2000004c   Section      320  main.o(.bss)
    .bss                                     0x2000018c   Section      320  app.o(.bss)
    .bss                                     0x200002cc   Section     2912  os_core.o(.bss)
    STACK                                    0x20000e30   Section      512  startup_stm32f10x_hd.o(STACK)

    Global Symbols

    Symbol Name                              Value     Ov Type        Size  Object(Section)

    BuildAttributes$$THM_ISAv4$P$D$K$B$S$PE$A:L22UL41UL21$X:L11$S22US41US21$IEEE1$IW$USESV6$~STKCKD$USESV7$~SHL$OSPACE$EBA8$MICROLIB$REQ8$PRES8$EABIv2 0x00000000   Number         0  anon$$obj.o ABSOLUTE
    __ARM_use_no_argv                        0x00000000   Number         0  main.o ABSOLUTE
    __cpp_initialize__aeabi_                  - Undefined Weak Reference
    __cxa_finalize                            - Undefined Weak Reference
    __decompress                              - Undefined Weak Reference
    _clock_init                               - Undefined Weak Reference
    _microlib_exit                            - Undefined Weak Reference
    __Vectors_Size                           0x00000130   Number         0  startup_stm32f10x_hd.o ABSOLUTE
    __Vectors                                0x08000000   Data           4  startup_stm32f10x_hd.o(RESET)
    __Vectors_End                            0x08000130   Data           0  startup_stm32f10x_hd.o(RESET)
    __main                                   0x08000131   Thumb Code     0  entry.o(.ARM.Collect$$$$00000000)
    _main_stk                                0x08000131   Thumb Code     0  entry2.o(.ARM.Collect$$$$00000001)
    _main_scatterload                        0x08000135   Thumb Code     0  entry5.o(.ARM.Collect$$$$00000004)
    __main_after_scatterload                 0x08000139   Thumb Code     0  entry5.o(.ARM.Collect$$$$00000004)
    _main_clock                              0x08000139   Thumb Code     0  entry7b.o(.ARM.Collect$$$$00000008)
    _main_cpp_init                           0x08000139   Thumb Code     0  entry8b.o(.ARM.Collect$$$$0000000A)
    _main_init                               0x08000139   Thumb Code     0  entry9a.o(.ARM.Collect$$$$0000000B)
    __rt_final_cpp                           0x08000141   Thumb Code     0  entry10a.o(.ARM.Collect$$$$0000000D)
    __rt_final_exit                          0x08000141   Thumb Code     0  entry11a.o(.ARM.Collect$$$$0000000F)
    SystemInit_ExtMemCtl                     0x08000145   Thumb Code     2  startup_stm32f10x_hd.o(.text)
    Reset_Handler                            0x08000147   Thumb Code    14  startup_stm32f10x_hd.o(.text)
    ADC1_2_IRQHandler                        0x08000167   Thumb Code     0  startup_stm32f10x_hd.o(.text)
    ADC3_IRQHandler                          0x08000167   Thumb Code     0  startup_stm32f10x_hd.o(.text)
    CAN1_RX1_IRQHandler                      0x08000167   Thumb Code     0  startup_stm32f10x_hd.o(.text)
    CAN1_SCE_IRQHandler                      0x08000167   Thumb Code     0  startup_stm32f10x_hd.o(.text)
    DMA1_Channel1_IRQHandler                 0x08000167   Thumb Code     0  startup_stm32f10x_hd.o(.text)
    DMA1_Channel2_IRQHandler                 0x08000167   Thumb Code     0  startup_stm32f10x_hd.o(.text)
    DMA1_Channel3_IRQHandler                 0x08000167   Thumb Code     0  startup_stm32f10x_hd.o(.text)
    DMA1_Channel4_IRQHandler                 0x08000167   Thumb Code     0  startup_stm32f10x_hd.o(.text)
    DMA1_Channel5_IRQHandler                 0x08000167   Thumb Code     0  startup_stm32f10x_hd.o(.text)
    DMA1_Channel6_IRQHandler                 0x08000167   Thumb Code     0  startup_stm32f10x_hd.o(.text)
    DMA1_Channel7_IRQHandler                 0x08000167   Thumb Code     0  startup_stm32f10x_hd.o(.text)
    DMA2_Channel1_IRQHandler                 0x08000167   Thumb Code     0  startup_stm32f10x_hd.o(.text)
    DMA2_Channel2_IRQHandler                 0x08000167   Thumb Code     0  startup_stm32f10x_hd.o(.text)
    DMA2_Channel3_IRQHandler                 0x08000167   Thumb Code     0  startup_stm32f10x_hd.o(.text)
    DMA2_Channel4_5_IRQHandler               0x08000167   Thumb Code     0  startup_stm32f10x_hd.o(.text)
    EXTI0_IRQHandler                         0x08000167   Thumb Code     0  startup_stm32f10x_hd.o(.text)
    EXTI15_10_IRQHandler                     0x08000167   Thumb Code     0  startup_stm32f10x_hd.o(.text)
    EXTI1_IRQHandler                         0x08000167   Thumb Code     0  startup_stm32f10x_hd.o(.text)
    EXTI2_IRQHandler                         0x08000167   Thumb Code     0  startup_stm32f10x_hd.o(.text)
    EXTI3_IRQHandler                         0x08000167   Thumb Code     0  startup_stm32f10x_hd.o(.text)
    EXTI4_IRQHandler                         0x08000167   Thumb Code     0  startup_stm32f10x_hd.o(.text)
    EXTI9_5_IRQHandler                       0x08000167   Thumb Code     0  startup_stm32f10x_hd.o(.text)
    FLASH_IRQHandler                         0x08000167   Thumb Code     0  startup_stm32f10x_hd.o(.text)
    FSMC_IRQHandler                          0x08000167   Thumb Code     0  startup_stm32f10x_hd.o(.text)
    I2C1_ER_IRQHandler                       0x08000167   Thumb Code     0  startup_stm32f10x_hd.o(.text)
    I2C1_EV_IRQHandler                       0x08000167   Thumb Code     0  startup_stm32f10x_hd.o(.text)
    I2C2_ER_IRQHandler                       0x08000167   Thumb Code     0  startup_stm32f10x_hd.o(.text)
    I2C2_EV_IRQHandler                       0x08000167   Thumb Code     0  startup_stm32f10x_hd.o(.text)
    PVD_IRQHandler                           0x08000167   Thumb Code     0  startup_stm32f10x_hd.o(.text)
    RCC_IRQHandler                           0x08000167   Thumb Code     0  startup_stm32f10x_hd.o(.text)
    RTCAlarm_IRQHandler                      0x08000167   Thumb Code     0  startup_stm32f10x_hd.o(.text)
    RTC_IRQHandler                           0x08000167   Thumb Code     0  startup_stm32f10x_hd.o(.text)
    SDIO_IRQHandler                          0x08000167   Thumb Code     0  startup_stm32f10x_hd.o(.text)
    SPI1_IRQHandler                          0x08000167   Thumb Code     0  startup_stm32f10x_hd.o(.text)
    SPI2_IRQHandler                          0x08000167   Thumb Code     0  startup_stm32f10x_hd.o(.text)
    SPI3_IRQHandler                          0x08000167   Thumb Code     0  startup_stm32f10x_hd.o(.text)
    TAMPER_IRQHandler                        0x08000167   Thumb Code     0  startup_stm32f10x_hd.o(.text)
    TIM1_BRK_IRQHandler                      0x08000167   Thumb Code     0  startup_stm32f10x_hd.o(.text)
    TIM1_CC_IRQHandler                       0x08000167   Thumb Code     0  startup_stm32f10x_hd.o(.text)
    TIM1_TRG_COM_IRQHandler                  0x08000167   Thumb Code     0  startup_stm32f10x_hd.o(.text)
    TIM1_UP_IRQHandler                       0x08000167   Thumb Code     0  startup_stm32f10x_hd.o(.text)
    TIM2_IRQHandler                          0x08000167   Thumb Code     0  startup_stm32f10x_hd.o(.text)
    TIM3_IRQHandler                          0x08000167   Thumb Code     0  startup_stm32f10x_hd.o(.text)
    TIM4_IRQHandler                          0x08000167   Thumb Code     0  startup_stm32f10x_hd.o(.text)
    TIM5_IRQHandler                          0x08000167   Thumb Code     0  startup_stm32f10x_hd.o(.text)
    TIM6_IRQHandler                          0x08000167   Thumb Code     0  startup_stm32f10x_hd.o(.text)
    TIM7_IRQHandler                          0x08000167   Thumb Code     0  startup_stm32f10x_hd.o(.text)
    TIM8_BRK_IRQHandler                      0x08000167   Thumb Code     0  startup_stm32f10x_hd.o(.text)
    TIM8_CC_IRQHandler                       0x08000167   Thumb Code     0  startup_stm32f10x_hd.o(.text)
    TIM8_TRG_COM_IRQHandler                  0x08000167   Thumb Code     0  startup_stm32f10x_hd.o(.text)
    TIM8_UP_IRQHandler                       0x08000167   Thumb Code     0  startup_stm32f10x_hd.o(.text)
    UART4_IRQHandler                         0x08000167   Thumb Code     0  startup_stm32f10x_hd.o(.text)
    UART5_IRQHandler                         0x08000167   Thumb Code     0  startup_stm32f10x_hd.o(.text)
    USART1_IRQHandler                        0x08000167   Thumb Code     0  startup_stm32f10x_hd.o(.text)
    USART2_IRQHandler                        0x08000167   Thumb Code     0  startup_stm32f10x_hd.o(.text)
    USART3_IRQHandler                        0x08000167   Thumb Code     0  startup_stm32f10x_hd.o(.text)
    USBWakeUp_IRQHandler                     0x08000167   Thumb Code     0  startup_stm32f10x_hd.o(.text)
    USB_HP_CAN1_TX_IRQHandler                0x08000167   Thumb Code     0  startup_stm32f10x_hd.o(.text)
    USB_LP_CAN1_RX0_IRQHandler               0x08000167   Thumb Code     0  startup_stm32f10x_hd.o(.text)
    WWDG_IRQHandler                          0x08000167   Thumb Code     0  startup_stm32f10x_hd.o(.text)
    main                                     0x08000175   Thumb Code    30  main.o(.text)
    NMI_Handler                              0x0800019d   Thumb Code     2  stm32f10x_it.o(.text)
    HardFault_Handler                        0x0800019f   Thumb Code     2  stm32f10x_it.o(.text)
    MemManage_Handler                        0x080001a1   Thumb Code     2  stm32f10x_it.o(.text)
    BusFault_Handler                         0x080001a3   Thumb Code     2  stm32f10x_it.o(.text)
    UsageFault_Handler                       0x080001a5   Thumb Code     2  stm32f10x_it.o(.text)
    SVC_Handler                              0x080001a7   Thumb Code     2  stm32f10x_it.o(.text)
    DebugMon_Handler                         0x080001a9   Thumb Code     2  stm32f10x_it.o(.text)
    PendSV_Handler                           0x080001ab   Thumb Code     2  stm32f10x_it.o(.text)
    SysTick_Handler                          0x080001ad   Thumb Code    18  stm32f10x_it.o(.text)
    GPIO_DeInit                              0x080001c1   Thumb Code   152  stm32f10x_gpio.o(.text)
    GPIO_AFIODeInit                          0x08000259   Thumb Code    22  stm32f10x_gpio.o(.text)
    GPIO_Init                                0x0800026f   Thumb Code   156  stm32f10x_gpio.o(.text)
    GPIO_StructInit                          0x0800030b   Thumb Code    16  stm32f10x_gpio.o(.text)
    GPIO_ReadInputDataBit                    0x0800031b   Thumb Code    14  stm32f10x_gpio.o(.text)
    GPIO_ReadInputData                       0x08000329   Thumb Code     6  stm32f10x_gpio.o(.text)
    GPIO_ReadOutputDataBit                   0x0800032f   Thumb Code    14  stm32f10x_gpio.o(.text)
    GPIO_ReadOutputData                      0x0800033d   Thumb Code     6  stm32f10x_gpio.o(.text)
    GPIO_SetBits                             0x08000343   Thumb Code     4  stm32f10x_gpio.o(.text)
    GPIO_ResetBits                           0x08000347   Thumb Code     4  stm32f10x_gpio.o(.text)
    GPIO_WriteBit                            0x0800034b   Thumb Code    10  stm32f10x_gpio.o(.text)
    GPIO_Write                               0x08000355   Thumb Code     4  stm32f10x_gpio.o(.text)
    GPIO_PinLockConfig                       0x08000359   Thumb Code    16  stm32f10x_gpio.o(.text)
    GPIO_EventOutputConfig                   0x08000369   Thumb Code    22  stm32f10x_gpio.o(.text)
    GPIO_EventOutputCmd                      0x0800037f   Thumb Code     6  stm32f10x_gpio.o(.text)
    GPIO_PinRemapConfig                      0x08000385   Thumb Code    66  stm32f10x_gpio.o(.text)
    GPIO_EXTILineConfig                      0x080003c7   Thumb Code    34  stm32f10x_gpio.o(.text)
    RCC_DeInit                               0x080003f9   Thumb Code    48  stm32f10x_rcc.o(.text)
    RCC_HSEConfig                            0x08000429   Thumb Code    48  stm32f10x_rcc.o(.text)
    RCC_GetFlagStatus                        0x08000459   Thumb Code    42  stm32f10x_rcc.o(.text)
    RCC_WaitForHSEStartUp                    0x08000483   Thumb Code    42  stm32f10x_rcc.o(.text)
    RCC_AdjustHSICalibrationValue            0x080004ad   Thumb Code    16  stm32f10x_rcc.o(.text)
    RCC_HSICmd                               0x080004bd   Thumb Code     6  stm32f10x_rcc.o(.text)
    RCC_PLLConfig                            0x080004c3   Thumb Code    16  stm32f10x_rcc.o(.text)
    RCC_PLLCmd                               0x080004d3   Thumb Code     6  stm32f10x_rcc.o(.text)
    RCC_SYSCLKConfig                         0x080004d9   Thumb Code    14  stm32f10x_rcc.o(.text)
    RCC_GetSYSCLKSource                      0x080004e7   Thumb Code    10  stm32f10x_rcc.o(.text)
    RCC_HCLKConfig                           0x080004f1   Thumb Code    14  stm32f10x_rcc.o(.text)
    RCC_PCLK1Config                          0x080004ff   Thumb Code    14  stm32f10x_rcc.o(.text)
    RCC_PCLK2Config                          0x0800050d   Thumb Code    16  stm32f10x_rcc.o(.text)
    RCC_ITConfig                             0x0800051d   Thumb Code    18  stm32f10x_rcc.o(.text)
    RCC_USBCLKConfig                         0x0800052f   Thumb Code     8  stm32f10x_rcc.o(.text)
    RCC_ADCCLKConfig                         0x08000537   Thumb Code    14  stm32f10x_rcc.o(.text)
    RCC_LSEConfig                            0x08000545   Thumb Code    28  stm32f10x_rcc.o(.text)
    RCC_LSICmd                               0x08000561   Thumb Code     6  stm32f10x_rcc.o(.text)
    RCC_RTCCLKConfig                         0x08000567   Thumb Code    10  stm32f10x_rcc.o(.text)
    RCC_RTCCLKCmd                            0x08000571   Thumb Code     8  stm32f10x_rcc.o(.text)
    RCC_GetClocksFreq                        0x08000579   Thumb Code   130  stm32f10x_rcc.o(.text)
    RCC_AHBPeriphClockCmd                    0x080005fb   Thumb Code    18  stm32f10x_rcc.o(.text)
    RCC_APB2PeriphClockCmd                   0x0800060d   Thumb Code    18  stm32f10x_rcc.o(.text)
    RCC_APB1PeriphClockCmd                   0x0800061f   Thumb Code    18  stm32f10x_rcc.o(.text)
    RCC_APB2PeriphResetCmd                   0x08000631   Thumb Code    18  stm32f10x_rcc.o(.text)
    RCC_APB1PeriphResetCmd                   0x08000643   Thumb Code    18  stm32f10x_rcc.o(.text)
    RCC_BackupResetCmd                       0x08000655   Thumb Code     8  stm32f10x_rcc.o(.text)
    RCC_ClockSecuritySystemCmd               0x0800065d   Thumb Code     6  stm32f10x_rcc.o(.text)
    RCC_MCOConfig                            0x08000663   Thumb Code     6  stm32f10x_rcc.o(.text)
    RCC_ClearFlag                            0x08000669   Thumb Code    12  stm32f10x_rcc.o(.text)
    RCC_GetITStatus                          0x08000675   Thumb Code    16  stm32f10x_rcc.o(.text)
    RCC_ClearITPendingBit                    0x08000685   Thumb Code     6  stm32f10x_rcc.o(.text)
    SystemInit                               0x0800074d   Thumb Code    48  system_stm32f10x.o(.text)
    BSP_Init                                 0x0800078d   Thumb Code    14  bsp.o(.text)
    SysTick_init                             0x0800079b   Thumb Code    48  bsp.o(.text)
    LED_GPIO_Config                          0x080007d5   Thumb Code    50  led.o(.text)
    Task_LED2                                0x0800080d   Thumb Code    34  app.o(.text)
    Task_Start                               0x0800082f   Thumb Code    66  app.o(.text)
    OS_StrCopy                               0x08000879   Thumb Code    28  os_core.o(.text)
    OSEventNameGet                           0x08000895   Thumb Code    96  os_core.o(.text)
    OS_StrLen                                0x080008f5   Thumb Code    20  os_core.o(.text)
    OSEventNameSet                           0x08000909   Thumb Code   106  os_core.o(.text)
    OS_TaskStatStkChk                        0x08000973   Thumb Code    50  os_core.o(.text)
    OS_TaskStat                              0x080009a5   Thumb Code    82  os_core.o(.text)
    OS_TaskIdle                              0x080009f7   Thumb Code    22  os_core.o(.text)
    OS_MemClr                                0x08000a0d   Thumb Code    18  os_core.o(.text)
    OSInit                                   0x08000a1f   Thumb Code   288  os_core.o(.text)
    OSIntEnter                               0x08000b3f   Thumb Code    20  os_core.o(.text)
    OSIntExit                                0x08000b53   Thumb Code    82  os_core.o(.text)
    OSSchedLock                              0x08000ba5   Thumb Code    38  os_core.o(.text)
    OS_Sched                                 0x08000bcb   Thumb Code    64  os_core.o(.text)
    OSSchedUnlock                            0x08000c0b   Thumb Code    52  os_core.o(.text)
    OSStart                                  0x08000c3f   Thumb Code    38  os_core.o(.text)
    OSStatInit                               0x08000c65   Thumb Code   100  os_core.o(.text)
    OSTimeTick                               0x08000cc9   Thumb Code   156  os_core.o(.text)
    OSVersion                                0x08000d65   Thumb Code     6  os_core.o(.text)
    OS_Dummy                                 0x08000d6b   Thumb Code     2  os_core.o(.text)
    OS_EventTaskRemove                       0x08000d6d   Thumb Code    32  os_core.o(.text)
    OS_EventTaskRdy                          0x08000d8d   Thumb Code    82  os_core.o(.text)
    OS_EventTaskWait                         0x08000ddf   Thumb Code    68  os_core.o(.text)
    OS_EventWaitListInit                     0x08000e23   Thumb Code    22  os_core.o(.text)
    OS_MemCopy                               0x08000e39   Thumb Code    20  os_core.o(.text)
    OS_TCBInit                               0x08000e4d   Thumb Code   206  os_core.o(.text)
    OSTaskChangePrio                         0x08000f41   Thumb Code   276  os_task.o(.text)
    OSTaskCreate                             0x08001055   Thumb Code   132  os_task.o(.text)
    OS_TaskStkClr                            0x080010d9   Thumb Code    22  os_task.o(.text)
    OSTaskCreateExt                          0x080010ef   Thumb Code   152  os_task.o(.text)
    OSTaskDel                                0x08001187   Thumb Code   268  os_task.o(.text)
    OSTaskDelReq                             0x08001293   Thumb Code    88  os_task.o(.text)
    OSTaskNameGet                            0x080012eb   Thumb Code   154  os_task.o(.text)
    OSTaskNameSet                            0x08001385   Thumb Code   130  os_task.o(.text)
    OSTaskResume                             0x08001407   Thumb Code   128  os_task.o(.text)
    OSTaskStkChk                             0x08001487   Thumb Code   126  os_task.o(.text)
    OSTaskSuspend                            0x08001505   Thumb Code   146  os_task.o(.text)
    OSTaskQuery                              0x08001597   Thumb Code    94  os_task.o(.text)
    OSTimeDly                                0x0800160d   Thumb Code    74  os_time.o(.text)
    OSTimeDlyHMSM                            0x08001657   Thumb Code   128  os_time.o(.text)
    OSTimeDlyResume                          0x080016d7   Thumb Code   134  os_time.o(.text)
    OSTimeGet                                0x0800175d   Thumb Code    18  os_time.o(.text)
    OSTimeSet                                0x0800176f   Thumb Code    20  os_time.o(.text)
    OS_CPU_SR_Save                           0x0800179d   Thumb Code     0  os_cpu_a.o(.text)
    OS_CPU_SR_Restore                        0x080017a5   Thumb Code     0  os_cpu_a.o(.text)
    OSStartHighRdy                           0x080017ab   Thumb Code     0  os_cpu_a.o(.text)
    OSCtxSw                                  0x080017cb   Thumb Code     0  os_cpu_a.o(.text)
    OSIntCtxSw                               0x080017d5   Thumb Code     0  os_cpu_a.o(.text)
    OS_CPU_PendSVHandler                     0x080017df   Thumb Code     0  os_cpu_a.o(.text)
    OSInitHookBegin                          0x08001841   Thumb Code     2  os_cpu_c.o(.text)
    OSInitHookEnd                            0x08001843   Thumb Code     2  os_cpu_c.o(.text)
    OSTaskCreateHook                         0x08001845   Thumb Code     2  os_cpu_c.o(.text)
    OSTaskDelHook                            0x08001847   Thumb Code     2  os_cpu_c.o(.text)
    OSTaskIdleHook                           0x08001849   Thumb Code     2  os_cpu_c.o(.text)
    OSTaskStatHook                           0x0800184b   Thumb Code     2  os_cpu_c.o(.text)
    OSTaskStkInit                            0x0800184d   Thumb Code   114  os_cpu_c.o(.text)
    OSTaskSwHook                             0x080018bf   Thumb Code     2  os_cpu_c.o(.text)
    OSTCBInitHook                            0x080018c1   Thumb Code     2  os_cpu_c.o(.text)
    OSTimeTickHook                           0x080018c3   Thumb Code     2  os_cpu_c.o(.text)
    __scatterload                            0x080018c5   Thumb Code    28  init.o(.text)
    __scatterload_rt2                        0x080018c5   Thumb Code     0  init.o(.text)
    __scatterload_copy                       0x080018e9   Thumb Code    14  handlers.o(i.__scatterload_copy)
    __scatterload_null                       0x080018f7   Thumb Code     2  handlers.o(i.__scatterload_null)
    __scatterload_zeroinit                   0x080018f9   Thumb Code    14  handlers.o(i.__scatterload_zeroinit)
    SystemFrequency                          0x08001908   Data           4  system_stm32f10x.o(.constdata)
    OSUnMapTbl                               0x0800190c   Data         256  os_core.o(.constdata)
    Region$$Table$$Base                      0x08001a0c   Number         0  anon$$obj.o(Region$$Table)
    Region$$Table$$Limit                     0x08001a2c   Number         0  anon$$obj.o(Region$$Table)
    OSCPUUsage                               0x20000014   Data           1  os_core.o(.data)
    OSStatRdy                                0x20000015   Data           1  os_core.o(.data)
    OSIntNesting                             0x20000016   Data           1  os_core.o(.data)
    OSLockNesting                            0x20000017   Data           1  os_core.o(.data)
    OSPrioCur                                0x20000018   Data           1  os_core.o(.data)
    OSPrioHighRdy                            0x20000019   Data           1  os_core.o(.data)
    OSRdyGrp                                 0x2000001a   Data           1  os_core.o(.data)
    OSRunning                                0x2000001b   Data           1  os_core.o(.data)
    OSTaskCtr                                0x2000001c   Data           1  os_core.o(.data)
    OSTickStepState                          0x2000001d   Data           1  os_core.o(.data)
    OSCtxSwCtr                               0x20000020   Data           4  os_core.o(.data)
    OSEventFreeList                          0x20000024   Data           4  os_core.o(.data)
    OSIdleCtrMax                             0x20000028   Data           4  os_core.o(.data)
    OSIdleCtrRun                             0x2000002c   Data           4  os_core.o(.data)
    OSRdyTbl                                 0x20000030   Data           4  os_core.o(.data)
    OSIdleCtr                                0x20000034   Data           4  os_core.o(.data)
    OSTCBCur                                 0x20000038   Data           4  os_core.o(.data)
    OSTCBFreeList                            0x2000003c   Data           4  os_core.o(.data)
    OSTCBHighRdy                             0x20000040   Data           4  os_core.o(.data)
    OSTCBList                                0x20000044   Data           4  os_core.o(.data)
    OSTime                                   0x20000048   Data           4  os_core.o(.data)
    startup_task_stk                         0x2000004c   Data         320  main.o(.bss)
    task_led2_stk                            0x2000018c   Data         320  app.o(.bss)
    OSEventTbl                               0x200002cc   Data         320  os_core.o(.bss)
    OSTaskStatStk                            0x2000040c   Data         512  os_core.o(.bss)
    OSTaskIdleStk                            0x2000060c   Data         512  os_core.o(.bss)
    OSTCBPrioTbl                             0x2000080c   Data         128  os_core.o(.bss)
    OSTCBTbl                                 0x2000088c   Data        1440  os_core.o(.bss)
    __initial_sp                             0x20001030   Data           0  startup_stm32f10x_hd.o(STACK)



==============================================================================

Memory Map of the image

  Image Entry point : 0x08000147

  Load Region LR_1 (Base: 0x08000000, Size: 0x00001a78, Max: 0xffffffff, ABSOLUTE)

    Execution Region ER_RO (Base: 0x08000000, Size: 0x00001a2c, Max: 0xffffffff, ABSOLUTE)

    Base Addr    Size         Type   Attr      Idx    E Section Name        Object

    0x08000000   0x00000130   Data   RO            3    RESET               startup_stm32f10x_hd.o
    0x08000130   0x00000000   Code   RO          313  * .ARM.Collect$$$$00000000  mc_w.l(entry.o)
    0x08000130   0x00000004   Code   RO          316    .ARM.Collect$$$$00000001  mc_w.l(entry2.o)
    0x08000134   0x00000004   Code   RO          319    .ARM.Collect$$$$00000004  mc_w.l(entry5.o)
    0x08000138   0x00000000   Code   RO          321    .ARM.Collect$$$$00000008  mc_w.l(entry7b.o)
    0x08000138   0x00000000   Code   RO          323    .ARM.Collect$$$$0000000A  mc_w.l(entry8b.o)
    0x08000138   0x00000008   Code   RO          324    .ARM.Collect$$$$0000000B  mc_w.l(entry9a.o)
    0x08000140   0x00000000   Code   RO          326    .ARM.Collect$$$$0000000D  mc_w.l(entry10a.o)
    0x08000140   0x00000000   Code   RO          328    .ARM.Collect$$$$0000000F  mc_w.l(entry11a.o)
    0x08000140   0x00000004   Code   RO          317    .ARM.Collect$$$$00002712  mc_w.l(entry2.o)
    0x08000144   0x00000030   Code   RO            4  * .text               startup_stm32f10x_hd.o
    0x08000174   0x00000028   Code   RO           10    .text               main.o
    0x0800019c   0x00000022   Code   RO           73    .text               stm32f10x_it.o
    0x080001be   0x00000002   PAD
    0x080001c0   0x00000238   Code   RO           85    .text               stm32f10x_gpio.o
    0x080003f8   0x000002b4   Code   RO           97    .text               stm32f10x_rcc.o
    0x080006ac   0x000000e0   Code   RO          121    .text               system_stm32f10x.o
    0x0800078c   0x00000048   Code   RO          143    .text               bsp.o
    0x080007d4   0x00000038   Code   RO          161    .text               led.o
    0x0800080c   0x0000006c   Code   RO          173    .text               app.o
    0x08000878   0x000006c8   Code   RO          188    .text               os_core.o
    0x08000f40   0x000006cc   Code   RO          251    .text               os_task.o
    0x0800160c   0x00000190   Code   RO          264    .text               os_time.o
    0x0800179c   0x000000a4   Code   RO          282    .text               os_cpu_a.o
    0x08001840   0x00000084   Code   RO          285    .text               os_cpu_c.o
    0x080018c4   0x00000024   Code   RO          330    .text               mc_w.l(init.o)
    0x080018e8   0x0000000e   Code   RO          334    i.__scatterload_copy  mc_w.l(handlers.o)
    0x080018f6   0x00000002   Code   RO          335    i.__scatterload_null  mc_w.l(handlers.o)
    0x080018f8   0x0000000e   Code   RO          336    i.__scatterload_zeroinit  mc_w.l(handlers.o)
    0x08001906   0x00000002   PAD
    0x08001908   0x00000004   Data   RO          122    .constdata          system_stm32f10x.o
    0x0800190c   0x00000100   Data   RO          190    .constdata          os_core.o
    0x08001a0c   0x00000020   Data   RO          332    Region$$Table       anon$$obj.o


    Execution Region ER_RW (Base: 0x20000000, Size: 0x0000004c, Max: 0xffffffff, ABSOLUTE)

    Base Addr    Size         Type   Attr      Idx    E Section Name        Object

    0x20000000   0x00000014   Data   RW           98    .data               stm32f10x_rcc.o
    0x20000014   0x00000038   Data   RW          191    .data               os_core.o


    Execution Region ER_ZI (Base: 0x2000004c, Size: 0x00000fe4, Max: 0xffffffff, ABSOLUTE)

    Base Addr    Size         Type   Attr      Idx    E Section Name        Object

    0x2000004c   0x00000140   Zero   RW           11    .bss                main.o
    0x2000018c   0x00000140   Zero   RW          174    .bss                app.o
    0x200002cc   0x00000b60   Zero   RW          189    .bss                os_core.o
    0x20000e2c   0x00000004   PAD
    0x20000e30   0x00000200   Zero   RW            1    STACK               startup_stm32f10x_hd.o


==============================================================================

Image component sizes


      Code (inc. data)   RO Data    RW Data    ZI Data      Debug   Object Name

       108          8          0          0        320       1515   app.o
        72         10          0          0          0       5244   bsp.o
        56          6          0          0          0        618   led.o
        40         10          0          0        320     228362   main.o
      1736         66        256         56       2912      17342   os_core.o
       164         32          0          0          0        428   os_cpu_a.o
       132          0          0          0          0      11401   os_cpu_c.o
      1740         66          0          0          0       8055   os_task.o
       400         26          0          0          0       2234   os_time.o
        48         12        304          0        512        996   startup_stm32f10x_hd.o
       568         16          0          0          0       5783   stm32f10x_gpio.o
        34          0          0          0          0       1402   stm32f10x_it.o
       692         34          0         20          0       9332   stm32f10x_rcc.o
       224         16          4          0          0       2005   system_stm32f10x.o

    ----------------------------------------------------------------------
      6016        302        596         76       4068     294717   Object Totals
         0          0         32          0          0          0   (incl. Generated)
         2          0          0          0          4          0   (incl. Padding)

    ----------------------------------------------------------------------

      Code (inc. data)   RO Data    RW Data    ZI Data      Debug   Library Member Name

         0          0          0          0          0          0   entry.o
         0          0          0          0          0          0   entry10a.o
         0          0          0          0          0          0   entry11a.o
         8          4          0          0          0          0   entry2.o
         4          0          0          0          0          0   entry5.o
         0          0          0          0          0          0   entry7b.o
         0          0          0          0          0          0   entry8b.o
         8          4          0          0          0          0   entry9a.o
        30          0          0          0          0          0   handlers.o
        36          8          0          0          0         68   init.o

    ----------------------------------------------------------------------
        88         16          0          0          0         68   Library Totals
         2          0          0          0          0          0   (incl. Padding)

    ----------------------------------------------------------------------

      Code (inc. data)   RO Data    RW Data    ZI Data      Debug   Library Name

        86         16          0          0          0         68   mc_w.l

    ----------------------------------------------------------------------
        88         16          0          0          0         68   Library Totals

    ----------------------------------------------------------------------

==============================================================================


      Code (inc. data)   RO Data    RW Data    ZI Data      Debug   

      6104        318        596         76       4068     293741   Grand Totals
      6104        318        596         76       4068     293741   ELF Image Totals
      6104        318        596         76          0          0   ROM Totals

==============================================================================

    Total RO  Size (Code + RO Data)                 6700 (   6.54kB)
    Total RW  Size (RW Data + ZI Data)              4144 (   4.05kB)
    Total ROM Size (Code + RO Data + RW Data)       6776 (   6.62kB)

==============================================================================

