<html>
<body>
<pre>
<h1>礦ision Build Log</h1>
<h2>Tool Versions:</h2>
IDE-Version: μVision V5.23.0.0
Copyright (C) 2017 ARM Ltd and ARM Germany GmbH. All rights reserved.
License Information: w w, w, LIC=AK130-BFMN2-34XST-RXUF9-X8RHU-1IF43
 
Tool Versions:
Toolchain:       MDK-ARM Professional  Version: 5.23
Toolchain Path:  C:\Keil_v5\ARM\ARMCC\Bin
C Compiler:      Armcc.exe V5.06 update 4 (build 422)
Assembler:       Armasm.exe V5.06 update 4 (build 422)
Linker/Locator:  ArmLink.exe V5.06 update 4 (build 422)
Library Manager: ArmAr.exe V5.06 update 4 (build 422)
Hex Converter:   FromElf.exe V5.06 update 4 (build 422)
CPU DLL:         SARMCM3.DLL V5.23
Dialog DLL:      DARMSTM.DLL V1.68.0.0
Target DLL:      Segger\JL2CM3.dll V2.99.23.0
Dialog DLL:      TARMSTM.DLL V1.66.0.0
 
<h2>Project:</h2>
H:\git\stm32f103c8t6\stm32c8t6-sdk\基于UCOS的广告机\固件\USER\STM32-DEMO.uvproj
Project File Date:  12/23/2019

<h2>Output:</h2>
*** Using Compiler 'V5.06 update 4 (build 422)', folder: 'C:\Keil_v5\ARM\ARMCC\Bin'
Build target 'LED-DEMO'
compiling stm32f10x_gpio.c...
compiling main.c...
compiling stm32f10x_it.c...
compiling stm32f10x_usart.c...
compiling stm32f10x_rcc.c...
compiling stm32f10x_exti.c...
compiling misc.c...
compiling system_stm32f10x.c...
compiling led.c...
compiling BSP.c...
compiling core_cm3.c...
compiling ht1632C.c...
..\BSP\ht1632C.c(395): warning:  #223-D: function "OSTimeDlyHMSM" declared implicitly
  					OSTimeDlyHMSM(0, 0,0,100);						 //移动延时
..\BSP\ht1632C.c(359): warning:  #177-D: variable "k"  was declared but never referenced
  	unsigned short i,j,k;
..\BSP\ht1632C.c: 2 warnings, 0 errors
compiling GT20L16S.c...
..\BSP\GT20L16S.c(103): warning:  #223-D: function "memcpy" declared implicitly
  	memcpy(buf,data_i,len);
..\BSP\GT20L16S.c(156): warning:  #177-D: variable "fontbuf"  was declared but never referenced
  			unsigned char fontbuf[16];			
..\BSP\GT20L16S.c(116): warning:  #177-D: variable "fontbuf"  was declared but never referenced
  	unsigned char fontbuf[32];
..\BSP\GT20L16S.c: 3 warnings, 0 errors
compiling usart1.c...
compiling os_flag.c...
compiling os_core.c...
compiling app.c...
..\APP\app.c(41): warning:  #223-D: function "memset" declared implicitly
  				memset(display_buf,0,sizeof(display_buf));
..\APP\app.c(57): warning:  #177-D: variable "i"  was declared but never referenced
  	unsigned char i,j;	
..\APP\app.c(57): warning:  #177-D: variable "j"  was declared but never referenced
  	unsigned char i,j;	
..\APP\app.c(58): warning:  #177-D: variable "p"  was declared but never referenced
    unsigned char *p;						 //定义指向page数组的指针
..\APP\app.c(126): warning:  #223-D: function "memset" declared implicitly
  											       memset(Text,0,sizeof(Text));
..\APP\app.c(128): warning:  #223-D: function "memcpy" declared implicitly
  										         memcpy(Text,&uart_R_buf[4],Text_l);
..\APP\app.c(130): warning:  #223-D: function "UART1SendByte" declared implicitly
  										         UART1SendByte(Success);
..\APP\app.c(140): warning:  #223-D: function "UART1SendByte" declared implicitly
  					         UART1SendByte(Fail);
..\APP\app.c(148): warning:  #223-D: function "UART1SendByte" declared implicitly
  					UART1SendByte(Fail);
..\APP\app.c(187): warning:  #223-D: function "UART1SendByte" declared implicitly
  				{UART1SendByte(AT_IN[i]);}
..\APP\app.c(191): warning:  #223-D: function "UART1SendByte" declared implicitly
  				UART1SendByte(AT_MAC[i]);
..\APP\app.c(194): warning:  #223-D: function "memset" declared implicitly
  				memset(Text,0,sizeof(Text));
..\APP\app.c(202): warning:  #223-D: function "memcpy" declared implicitly
  				memcpy(Text,&uart_R_buf[i],uart_R_Length-i);
..\APP\app.c(208): warning:  #223-D: function "UART1SendByte" declared implicitly
  					UART1SendByte(AT_OUT[i]);
..\APP\app.c(222): warning:  #223-D: function "UART1SendByte" declared implicitly
  						{UART1SendByte(AT_IN[i]);}						
..\APP\app.c(227): warning:  #223-D: function "UART1SendByte" declared implicitly
  							UART1SendByte(AT_DEFAULT[i]);
..\APP\app.c(233): warning:  #223-D: function "UART1SendByte" declared implicitly
  							UART1SendByte(AT_OUT[i]);
..\APP\app.c(237): warning:  #223-D: function "memcpy" declared implicitly
  						memcpy(Text,uart_R_buf,2);
..\APP\app.c(166): warning:  #177-D: variable "j"  was declared but never referenced
  	unsigned char i,j;	
..\APP\app.c(167): warning:  #177-D: variable "p"  was declared but never referenced
    unsigned char *p;						 //定义指向page数组的指针
..\APP\app.c: 20 warnings, 0 errors
compiling os_mutex.c...
compiling os_mbox.c...
compiling os_mem.c...
compiling os_sem.c...
compiling os_q.c...
compiling os_task.c...
compiling os_tmr.c...
compiling os_time.c...
compiling os_cpu_c.c...
compiling os_dbg.c...
linking...
Program Size: Code=12960 RO-data=612 RW-data=128 ZI-data=5920  
FromELF: creating hex file...
".\STM32-DEMO.axf" - 0 Error(s), 25 Warning(s).
Build Time Elapsed:  00:00:24
</pre>
</body>
</html>
